 
"a 
#include " 
 
f = g /h;
 
 
#define glue(x,y) x##y
glue(/,/) k();
 l();
m = n 
 + p;
